// Jest Snapshot v1, https://goo.gl/fbAQLP

exports[`SSNForm matches snapshot 1`] = `
<DocumentFragment>
  <form
    class="ViewStyled-sc-rqe5sa-0 ViewStyled__BoxShadowStyled-sc-rqe5sa-2 kSBDVw eFQizc"
    data-testid="ssnForm"
    display="flex"
    novalidate=""
  >
    <div
      class="ViewStyled-sc-rqe5sa-0 SSNFormStyled__WrapperIconStyled-sc-1h0l804-0 fTsvHV eNsVNY"
    >
      <span
        style="box-sizing: border-box; display: inline-block; overflow: hidden; width: 15px; height: 15px; background: none; opacity: 1; border: 0px; margin: 0px; padding: 0px; position: relative;"
      >
        <img
          alt="icon"
          data-nimg="fixed"
          decoding="async"
          src="data:image/gif;base64,R0lGODlhAQABAIAAAAAAAP///yH5BAEAAAAALAAAAAABAAEAAAIBRAA7"
          style="position: absolute; top: 0px; left: 0px; bottom: 0px; right: 0px; box-sizing: border-box; padding: 0px; margin: auto; display: block; width: 0px; height: 0px; min-width: 100%; max-width: 100%; min-height: 100%; max-height: 100%;"
        />
        <noscript />
      </span>
    </div>
    <div
      class="ViewStyled-sc-rqe5sa-0 dNWBON"
    >
      <label
        class="InputGroupStyled__Label-sc-1sisxvi-0 fMCSfr"
        data-testid="label"
      >
        SSN
      </label>
      <div
        class="ViewStyled-sc-rqe5sa-0 InputStyled__WrapperInputStyled-sc-9gj86m-1 ikyyqL iUkmYG"
        color="#203F59"
        data-testid="inputIcon"
        display="block"
        height="30"
      >
        <input
          autocomplete="off"
          class="InputStyled-sc-1k09cqb-0 InputStyled__InputItemStyled-sc-9gj86m-0 hnxmhM NDCRX"
          data-testid="iconInput"
          name="SSN"
          placeholder="000-00-0000"
          type="text"
          value=""
        />
      </div>
    </div>
    <button
      class="ButtonStyled-sc-1ys9v52-0 iAfDLq"
      data-testid="button"
      disabled=""
      type="submit"
    >
      Submit
    </button>
  </form>
</DocumentFragment>
`;
