// Jest Snapshot v1, https://goo.gl/fbAQLP

exports[`SignUpForm Component Component SignUpForm matchers DOM Snapshot 1`] = `
<div>
  <form
    class="ViewStyled-sc-rqe5sa-0 ViewStyled__BoxShadowStyled-sc-rqe5sa-2 eyjbww chwtod"
    display="flex"
    novalidate=""
  >
    <div
      class="ViewStyled-sc-rqe5sa-0 InputStyled__WrapperInputStyled-sc-9gj86m-1 hycRZr brcjID"
      color="#203F59"
      data-testid="inputIcon"
      display="block"
    >
      <div
        class="ViewStyled-sc-rqe5sa-0 InputStyled__WrapperIconStyled-sc-9gj86m-2 fTsvHV kHphsF"
      >
        <span
          style="box-sizing: border-box; display: block; overflow: hidden; background: none; opacity: 1; border: 0px; margin: 0px; padding: 0px; position: absolute; top: 0px; left: 0px; bottom: 0px; right: 0px;"
        >
          <img
            alt="icon"
            data-nimg="fill"
            decoding="async"
            src="data:image/gif;base64,R0lGODlhAQABAIAAAAAAAP///yH5BAEAAAAALAAAAAABAAEAAAIBRAA7"
            style="position: absolute; top: 0px; left: 0px; bottom: 0px; right: 0px; box-sizing: border-box; padding: 0px; margin: auto; display: block; width: 0px; height: 0px; min-width: 100%; max-width: 100%; min-height: 100%; max-height: 100%;"
          />
          <noscript />
        </span>
      </div>
      <input
        class="InputStyled-sc-1k09cqb-0 InputStyled__InputItemStyled-sc-9gj86m-0 hnxmhM NDCRX"
        data-testid="iconInput"
        name="userName"
        placeholder="Full Name"
        type="text"
        value="example"
      />
    </div>
    <div
      class="ViewStyled-sc-rqe5sa-0 InputStyled__WrapperInputStyled-sc-9gj86m-1 hycRZr brcjID"
      color="#203F59"
      data-testid="inputIcon"
      display="block"
    >
      <div
        class="ViewStyled-sc-rqe5sa-0 InputStyled__WrapperIconStyled-sc-9gj86m-2 fTsvHV kHphsF"
      >
        <span
          style="box-sizing: border-box; display: block; overflow: hidden; background: none; opacity: 1; border: 0px; margin: 0px; padding: 0px; position: absolute; top: 0px; left: 0px; bottom: 0px; right: 0px;"
        >
          <img
            alt="icon"
            data-nimg="fill"
            decoding="async"
            src="data:image/gif;base64,R0lGODlhAQABAIAAAAAAAP///yH5BAEAAAAALAAAAAABAAEAAAIBRAA7"
            style="position: absolute; top: 0px; left: 0px; bottom: 0px; right: 0px; box-sizing: border-box; padding: 0px; margin: auto; display: block; width: 0px; height: 0px; min-width: 100%; max-width: 100%; min-height: 100%; max-height: 100%;"
          />
          <noscript />
        </span>
      </div>
      <input
        class="InputStyled-sc-1k09cqb-0 InputStyled__InputItemStyled-sc-9gj86m-0 hnxmhM NDCRX"
        data-testid="iconInput"
        name="email"
        placeholder="Enter your email address"
        type="email"
        value="thanh@endurance.com"
      />
    </div>
    <div
      class="ViewStyled-sc-rqe5sa-0 InputStyled__WrapperInputStyled-sc-9gj86m-1 jvfMhn djmkHm"
      color="#203F59"
      data-testid="inputIcon"
      display="none"
    >
      <div
        class="ViewStyled-sc-rqe5sa-0 InputStyled__WrapperIconStyled-sc-9gj86m-2 fTsvHV kHphsF"
      >
        <span
          style="box-sizing: border-box; display: block; overflow: hidden; background: none; opacity: 1; border: 0px; margin: 0px; padding: 0px; position: absolute; top: 0px; left: 0px; bottom: 0px; right: 0px;"
        >
          <img
            alt="icon"
            data-nimg="fill"
            decoding="async"
            src="data:image/gif;base64,R0lGODlhAQABAIAAAAAAAP///yH5BAEAAAAALAAAAAABAAEAAAIBRAA7"
            style="position: absolute; top: 0px; left: 0px; bottom: 0px; right: 0px; box-sizing: border-box; padding: 0px; margin: auto; display: block; width: 0px; height: 0px; min-width: 100%; max-width: 100%; min-height: 100%; max-height: 100%;"
          />
          <noscript />
        </span>
      </div>
      <input
        class="InputStyled-sc-1k09cqb-0 InputStyled__InputItemStyled-sc-9gj86m-0 hnxmhM NDCRX"
        data-testid="iconInput"
        name="password"
        placeholder="Password"
        type="password"
        value="example1password"
      />
      <span
        class="InputStyled__PasswordStrength-sc-9gj86m-3 cceVTN"
        color="#F22E3E"
        data-testid="spanCheckPass"
        display="block"
      />
    </div>
    <div
      class="InputStyled__GroupLine-sc-9gj86m-4 gAMHPd"
      data-testid="WrapperGroupLine"
    >
      <span
        class="InputStyled__LineBottomInputStyled-sc-9gj86m-5 gWXiso"
      />
      <span
        class="InputStyled__LineBottomInputStyled-sc-9gj86m-5 jtiVzP"
      />
      <span
        class="InputStyled__LineBottomInputStyled-sc-9gj86m-5 WRBQZ"
      />
    </div>
    <button
      class="ButtonStyled-sc-1ys9v52-0 jdGxZo"
      data-testid="button"
      disabled=""
      type="submit"
    >
      Create My Account
    </button>
  </form>
</div>
`;
