// Jest Snapshot v1, https://goo.gl/fbAQLP

exports[`TableControlPopup Component renders table control popup  1`] = `
<DocumentFragment>
  <div
    class="ViewStyled-sc-rqe5sa-0 ViewStyled__BoxShadowStyled-sc-rqe5sa-2 kKjtez hTNOqC"
    display="flex"
    width="110"
  >
    <button
      class="ButtonStyled-sc-1ys9v52-0 hXYavA"
      cursor="pointer"
      data-testid="edit"
    >
      Delete
    </button>
  </div>
</DocumentFragment>
`;
