// Jest Snapshot v1, https://goo.gl/fbAQLP

exports[`PopupSuccess Component renders PopupSuccess Confirm unchanged 1`] = `
<DocumentFragment>
  <div
    class="ViewStyled-sc-rqe5sa-0 PopupSuccessStyled__AnimatedPopupSuccess-sc-1umv97q-0 cghjty bnNRjk"
    data-testid="popup-success"
    display="flex"
  >
    <div
      class="ViewStyled-sc-rqe5sa-0 kgTlIu"
      display="flex"
    >
      <span
        style="box-sizing: border-box; display: inline-block; overflow: hidden; background: none; opacity: 1; border: 0px; margin: 0px; padding: 0px; position: relative; max-width: 100%;"
      >
        <span
          style="box-sizing: border-box; display: block; background: none; opacity: 1; border: 0px; margin: 0px; padding: 0px; max-width: 100%;"
        >
          <img
            alt=""
            aria-hidden="true"
            src="data:image/svg+xml,%3csvg%20xmlns=%27http://www.w3.org/2000/svg%27%20version=%271.1%27%20width=%2730%27%20height=%2730%27/%3e"
            style="display: block; max-width: 100%; background: none; opacity: 1; border: 0px; margin: 0px; padding: 0px;"
          />
        </span>
        <img
          data-nimg="intrinsic"
          decoding="async"
          src="data:image/gif;base64,R0lGODlhAQABAIAAAAAAAP///yH5BAEAAAAALAAAAAABAAEAAAIBRAA7"
          style="position: absolute; top: 0px; left: 0px; bottom: 0px; right: 0px; box-sizing: border-box; padding: 0px; margin: auto; display: block; width: 0px; height: 0px; min-width: 100%; max-width: 100%; min-height: 100%; max-height: 100%;"
        />
        <noscript />
      </span>
      <div
        class="ViewStyled-sc-rqe5sa-0 eaFPBc"
        display="flex"
      >
        <h3
          class="TextStyled-sc-9xia41-0 TitleStyled-sc-t58pjn-0 dZypbt dXQqcD"
          color="#FFF"
          font-family="AdobeCleanBold"
          font-size="24"
          letter-spacing="0.9"
          width="100%"
        >
          Success
        </h3>
        <p
          class="TextStyled-sc-9xia41-0 jJKZfr"
          color="#EAEAEB"
          font-size="13"
          font-weight="300"
          letter-spacing="0.9"
          width="100%"
        >
          Your changes have been successfully saved.
        </p>
      </div>
    </div>
    <button
      class="ButtonStyled-sc-1ys9v52-0 bRMDWm"
      data-testid="button"
    >
      <span
        class="ButtonStyled__ButtonIconStyled-sc-1ys9v52-1 DjHyU"
      >
        <div
          class="ViewStyled-sc-rqe5sa-0 efewJe"
          display="inline-block"
          height="15"
          width="15"
        >
          <span
            style="box-sizing: border-box; display: block; overflow: hidden; background: none; opacity: 1; border: 0px; margin: 0px; padding: 0px; position: absolute; top: 0px; left: 0px; bottom: 0px; right: 0px;"
          >
            <img
              data-nimg="fill"
              decoding="async"
              src="data:image/gif;base64,R0lGODlhAQABAIAAAAAAAP///yH5BAEAAAAALAAAAAABAAEAAAIBRAA7"
              style="position: absolute; top: 0px; left: 0px; bottom: 0px; right: 0px; box-sizing: border-box; padding: 0px; margin: auto; display: block; width: 0px; height: 0px; min-width: 100%; max-width: 100%; min-height: 100%; max-height: 100%;"
            />
            <noscript />
          </span>
        </div>
      </span>
    </button>
  </div>
</DocumentFragment>
`;
