// Jest Snapshot v1, https://goo.gl/fbAQLP

exports[`AddressPage matches snapshot 1`] = `
<DocumentFragment>
  <div
    class="ViewStyled-sc-rqe5sa-0 ViewStyled__WrapperContent-sc-rqe5sa-6 bTYFgu gVWyht"
  >
    <h1
      class="TextStyled-sc-9xia41-0 TitleStyled-sc-t58pjn-0 TitleStyled__TitlePageStyled-sc-t58pjn-1 fkzkBU ONSni ilgUUT"
      color="#242A30"
      font-family="AdobeCleanExtraBold"
      font-size="36"
    >
      Where do you live?
    </h1>
    <p
      class="TextStyled-sc-9xia41-0 wWWum"
    >
      <span
        class="TextStyled-sc-9xia41-0 dphVoX"
        color="#242A30"
        font-size="16"
      >
        Your address is used to verify your identity.
      </span>
    </p>
    <form
      class="ViewStyled-sc-rqe5sa-0 ViewStyled__BoxShadowStyled-sc-rqe5sa-2 uWEvw eFQizc"
      data-testid="addressForm"
      display="flex"
      novalidate=""
      width="100%"
    >
      <div
        class="ViewStyled-sc-rqe5sa-0 InputStyled__WrapperInputStyled-sc-9gj86m-1 lkGwqj brcjID"
        color="#203F59"
        data-testid="inputIcon"
        display="block"
      >
        <div
          class="ViewStyled-sc-rqe5sa-0 InputStyled__WrapperIconStyled-sc-9gj86m-2 fTsvHV kHphsF"
        >
          <span
            style="box-sizing: border-box; display: block; overflow: hidden; background: none; opacity: 1; border: 0px; margin: 0px; padding: 0px; position: absolute; top: 0px; left: 0px; bottom: 0px; right: 0px;"
          >
            <img
              alt="icon"
              data-nimg="fill"
              decoding="async"
              src="data:image/gif;base64,R0lGODlhAQABAIAAAAAAAP///yH5BAEAAAAALAAAAAABAAEAAAIBRAA7"
              style="position: absolute; top: 0px; left: 0px; bottom: 0px; right: 0px; box-sizing: border-box; padding: 0px; margin: auto; display: block; width: 0px; height: 0px; min-width: 100%; max-width: 100%; min-height: 100%; max-height: 100%;"
            />
            <noscript />
          </span>
        </div>
        <input
          class="InputStyled-sc-1k09cqb-0 InputStyled__InputItemStyled-sc-9gj86m-0 hnxmhM NDCRX"
          data-testid="iconInput"
          name="address"
          placeholder="Home Address"
          type="text"
          value=""
        />
      </div>
      <div
        class="ViewStyled-sc-rqe5sa-0 InputStyled__WrapperInputStyled-sc-9gj86m-1 iZFyqP brcjID"
        color="#203F59"
        data-testid="inputIcon"
        display="block"
      >
        <div
          class="ViewStyled-sc-rqe5sa-0 InputStyled__WrapperIconStyled-sc-9gj86m-2 fTsvHV kHphsF"
        >
          <span
            style="box-sizing: border-box; display: block; overflow: hidden; background: none; opacity: 1; border: 0px; margin: 0px; padding: 0px; position: absolute; top: 0px; left: 0px; bottom: 0px; right: 0px;"
          >
            <img
              alt="icon"
              data-nimg="fill"
              decoding="async"
              src="data:image/gif;base64,R0lGODlhAQABAIAAAAAAAP///yH5BAEAAAAALAAAAAABAAEAAAIBRAA7"
              style="position: absolute; top: 0px; left: 0px; bottom: 0px; right: 0px; box-sizing: border-box; padding: 0px; margin: auto; display: block; width: 0px; height: 0px; min-width: 100%; max-width: 100%; min-height: 100%; max-height: 100%;"
            />
            <noscript />
          </span>
        </div>
        <input
          class="InputStyled-sc-1k09cqb-0 InputStyled__InputItemStyled-sc-9gj86m-0 hnxmhM NDCRX"
          data-testid="iconInput"
          name="phone"
          placeholder="Phone Number"
          type="tel"
          value=""
        />
      </div>
      <button
        class="ButtonStyled-sc-1ys9v52-0 iAfDLq"
        data-testid="button"
        disabled=""
        type="submit"
      >
        Continue
      </button>
    </form>
    <p
      class="TextStyled-sc-9xia41-0 gtHdGO"
    >
      <span
        class="TextStyled-sc-9xia41-0 inBuZW"
        color="#F2406E"
        font-size="13"
      >
        This will not affect your credit score. We donâ€™t store your sensitive information.
      </span>
      <a
        class="LinkStyled__ButtonLinkStyled-sc-626068-1 bpcOwZ"
        data-testid="link"
        display="inline"
        font-size="14"
        font-weight="800"
        href="/sign-up"
        text-decoration="underline"
      >
        Learn more
      </a>
      <span
        class="TextStyled-sc-9xia41-0 inBuZW"
        color="#F2406E"
        font-size="13"
      >
        about our security.
      </span>
    </p>
  </div>
</DocumentFragment>
`;
