// Jest Snapshot v1, https://goo.gl/fbAQLP

exports[`ForgotPasswordPage matches snapshot 1`] = `
<DocumentFragment>
  <div
    class="ViewStyled-sc-rqe5sa-0 ViewStyled__WrapperContent-sc-rqe5sa-6 fTsvHV gVWyht"
  >
    <div
      class="ViewStyled-sc-rqe5sa-0 hSHZsk"
      height="60"
      width="250"
    >
      <span
        style="box-sizing: border-box; display: block; overflow: hidden; background: none; opacity: 1; border: 0px; margin: 0px; padding: 0px; position: absolute; top: 0px; left: 0px; bottom: 0px; right: 0px;"
      >
        <img
          alt="stellar-logo"
          data-nimg="fill"
          decoding="async"
          src="data:image/gif;base64,R0lGODlhAQABAIAAAAAAAP///yH5BAEAAAAALAAAAAABAAEAAAIBRAA7"
          style="position: absolute; top: 0px; left: 0px; bottom: 0px; right: 0px; box-sizing: border-box; padding: 0px; margin: auto; display: block; width: 0px; height: 0px; min-width: 100%; max-width: 100%; min-height: 100%; max-height: 100%; object-fit: contain;"
        />
        <noscript />
      </span>
    </div>
    <div
      class="ViewStyled-sc-rqe5sa-0 kLQFtm"
      display="flex"
    >
      <div
        class="ViewStyled-sc-rqe5sa-0 jCwcNe"
        height="400"
      >
        <span
          style="box-sizing: border-box; display: block; overflow: hidden; background: none; opacity: 1; border: 0px; margin: 0px; padding: 0px; position: absolute; top: 0px; left: 0px; bottom: 0px; right: 0px;"
        >
          <img
            alt="jumping-man"
            data-nimg="fill"
            decoding="async"
            src="data:image/gif;base64,R0lGODlhAQABAIAAAAAAAP///yH5BAEAAAAALAAAAAABAAEAAAIBRAA7"
            style="position: absolute; top: 0px; left: 0px; bottom: 0px; right: 0px; box-sizing: border-box; padding: 0px; margin: auto; display: block; width: 0px; height: 0px; min-width: 100%; max-width: 100%; min-height: 100%; max-height: 100%; object-fit: contain;"
          />
          <noscript />
        </span>
      </div>
      <div
        class="ViewStyled-sc-rqe5sa-0 bEaHGp"
        display="flex"
        width="inherit"
      >
        <h1
          class="TextStyled-sc-9xia41-0 TitleStyled-sc-t58pjn-0 iPgIes WstJK"
          color="#000"
          font-family="AdobeCleanExtraBold"
        >
          Forgot Password
        </h1>
        <form
          class="ViewStyled-sc-rqe5sa-0 ViewStyled__BoxShadowStyled-sc-rqe5sa-2 dpvmGT hGJcnr"
          data-testid="forgotPasswordForm"
          novalidate=""
        >
          <div
            class="ViewStyled-sc-rqe5sa-0 hOdIhy"
            display="flex"
          >
            <h1
              class="TextStyled-sc-9xia41-0 TitleStyled-sc-t58pjn-0 icAPUz kYRuOc"
              color="#C0C0C0"
              font-family="AdobeCleanLight"
              font-size="13"
              font-weight="400"
            >
              No worries! Enter your email and we will send you a link to reset.
            </h1>
          </div>
          <div
            class="ViewStyled-sc-rqe5sa-0 InputStyled__WrapperInputStyled-sc-9gj86m-1 dUEIVo brcjID"
            color="#203F59"
            data-testid="inputIcon"
            display="block"
          >
            <div
              class="ViewStyled-sc-rqe5sa-0 InputStyled__WrapperIconStyled-sc-9gj86m-2 fTsvHV kHphsF"
            >
              <span
                style="box-sizing: border-box; display: block; overflow: hidden; background: none; opacity: 1; border: 0px; margin: 0px; padding: 0px; position: absolute; top: 0px; left: 0px; bottom: 0px; right: 0px;"
              >
                <img
                  alt="icon"
                  data-nimg="fill"
                  decoding="async"
                  src="data:image/gif;base64,R0lGODlhAQABAIAAAAAAAP///yH5BAEAAAAALAAAAAABAAEAAAIBRAA7"
                  style="position: absolute; top: 0px; left: 0px; bottom: 0px; right: 0px; box-sizing: border-box; padding: 0px; margin: auto; display: block; width: 0px; height: 0px; min-width: 100%; max-width: 100%; min-height: 100%; max-height: 100%;"
                />
                <noscript />
              </span>
            </div>
            <input
              class="InputStyled-sc-1k09cqb-0 InputStyled__InputItemStyled-sc-9gj86m-0 hnxmhM NDCRX"
              data-testid="iconInput"
              name="email"
              placeholder="Enter your email address"
              type="email"
              value=""
            />
          </div>
          <div
            class="ViewStyled-sc-rqe5sa-0 dfGNjj"
            display="flex"
          >
            <button
              class="ButtonStyled-sc-1ys9v52-0 xbTIZ"
              data-testid="button"
              disabled=""
              type="submit"
            >
              Continue
            </button>
            <div
              class="ViewStyled-sc-rqe5sa-0 hFMlle"
              color="#676767"
            >
              <span
                class="TextStyled-sc-9xia41-0 TitleStyled-sc-t58pjn-0 jEhroG gvTSoR"
                color="#676767"
                font-family="AdobeCleanLight"
                font-size="14"
              >
                Back to
              </span>
              <a
                class="LinkStyled__ButtonLinkStyled-sc-626068-1 evlCsf"
                color="#676767"
                data-testid="link"
                display="inline"
                font-family="AdobeCleanLight"
                font-size="16"
                font-weight="700"
                href="/login"
              >
                Login
              </a>
            </div>
          </div>
        </form>
        <p
          class="TextStyled-sc-9xia41-0 jjVoJj"
        >
          <span
            class="TextStyled-sc-9xia41-0 loORFZ"
            color="#676767"
          >
            Donâ€™t have an account?
          </span>
          <a
            class="LinkStyled__ButtonLinkStyled-sc-626068-1 lfTGbL"
            data-testid="link"
            display="inline"
            href="/sign-up"
          >
            Signup Now
          </a>
        </p>
      </div>
    </div>
  </div>
</DocumentFragment>
`;
