// Jest Snapshot v1, https://goo.gl/fbAQLP

exports[`Identity Page Identity Page matches snapshot 1`] = `
<div>
  <div
    class="ViewStyled-sc-rqe5sa-0 ViewStyled__WrapperContent-sc-rqe5sa-6 gOHbQa gVWyht"
    display="flex"
  >
    <h1
      class="TextStyled-sc-9xia41-0 TitleStyled-sc-t58pjn-0 TitleStyled__TitlePageStyled-sc-t58pjn-1 gSkCQa ONSni ilgUUT"
      color="#242A30"
      font-family="AdobeCleanExtraBold"
      font-size="36"
      letter-spacing="0.9"
    >
      Confirm Your Identity
    </h1>
    <p
      class="TextStyled-sc-9xia41-0 hJNDCW"
      color="#242A30"
      font-size="16"
      letter-spacing="0.9"
    >
      Please use your legal name. Your date of birth will help us confirm your identity.
    </p>
    <form
      class="ViewStyled-sc-rqe5sa-0 ViewStyled__BoxShadowStyled-sc-rqe5sa-2 eyjbww chwtod"
      display="flex"
      novalidate=""
    >
      <div
        class="ViewStyled-sc-rqe5sa-0 eaeSRZ"
        display="flex"
      >
        <div
          class="ViewStyled-sc-rqe5sa-0 InputStyled__WrapperInputStyled-sc-9gj86m-1 dUEIVo brcjID"
          color="#203F59"
          data-testid="inputIcon"
          display="block"
        >
          <div
            class="ViewStyled-sc-rqe5sa-0 InputStyled__WrapperIconStyled-sc-9gj86m-2 fTsvHV kHphsF"
          >
            <span
              style="box-sizing: border-box; display: block; overflow: hidden; background: none; opacity: 1; border: 0px; margin: 0px; padding: 0px; position: absolute; top: 0px; left: 0px; bottom: 0px; right: 0px;"
            >
              <img
                alt="icon"
                data-nimg="fill"
                decoding="async"
                src="data:image/gif;base64,R0lGODlhAQABAIAAAAAAAP///yH5BAEAAAAALAAAAAABAAEAAAIBRAA7"
                style="position: absolute; top: 0px; left: 0px; bottom: 0px; right: 0px; box-sizing: border-box; padding: 0px; margin: auto; display: block; width: 0px; height: 0px; min-width: 100%; max-width: 100%; min-height: 100%; max-height: 100%;"
              />
              <noscript />
            </span>
          </div>
          <input
            class="InputStyled-sc-1k09cqb-0 InputStyled__InputItemStyled-sc-9gj86m-0 hnxmhM NDCRX"
            data-testid="iconInput"
            name="firstName"
            placeholder="First Name"
            type="text"
            value=""
          />
        </div>
        <div
          class="ViewStyled-sc-rqe5sa-0 InputStyled__WrapperInputStyled-sc-9gj86m-1 jvfMhn jcFwAo"
          color="#203F59"
          data-testid="inputIcon"
          display="none"
        >
          <input
            class="InputStyled-sc-1k09cqb-0 InputStyled__InputItemStyled-sc-9gj86m-0 hnxmhM NDCRX"
            data-testid="iconInput"
            name="lastName"
            placeholder="Last Name"
            type="text"
            value=""
          />
        </div>
      </div>
      <span
        class="TextStyled-sc-9xia41-0 hNkbmu"
        color="#242A30"
        font-size="13"
      >
        DOB
      </span>
      <div
        class="ViewStyled-sc-rqe5sa-0 ViewStyled__BorderWrapperStyled-sc-rqe5sa-4 kuBhDh eWayqq"
        data-testid="select"
        width="100%"
      >
        <div
          class="ViewStyled__DividerStyled-sc-rqe5sa-5 eRzaft"
        >
          <div
            class="ViewStyled-sc-rqe5sa-0 InputStyled__WrapperInputStyled-sc-9gj86m-1 gtErIS llBddb"
            display="flex"
          >
            <div
              class="react-datepicker-wrapper"
            >
              <div
                class="react-datepicker__input-container"
              >
                <input
                  class="PickerStyled__DateStyled-sc-1ns5yoz-0 golTem"
                  placeholder="MM/DD/YYYY"
                  type="text"
                  value=""
                />
              </div>
            </div>
          </div>
        </div>
      </div>
      <button
        class="ButtonStyled-sc-1ys9v52-0 gOQjrO"
        data-testid="button"
        disabled=""
        type="submit"
      >
        Confirm
      </button>
    </form>
    <p
      class="TextStyled-sc-9xia41-0 TextStyled__BreakPointTextStyled-sc-9xia41-6 iwaRQX ejHwjD"
      color="#F2406E"
      display="inline"
      font-size="13"
      letter-spacing="0.69"
    >
      This will not affect your credit score. We donâ€™t store your sensitive information.
      <a
        class="LinkStyled__ButtonLinkStyled-sc-626068-1 hnycnG"
        data-testid="link"
        display="inline"
        font-size="14"
        font-weight="700"
        href="/learn-more"
        text-decoration="underline"
      >
        Learn more
      </a>
      about our security.
    </p>
  </div>
</div>
`;
