// Jest Snapshot v1, https://goo.gl/fbAQLP

exports[`LoginPage matches snapshot 1`] = `
<DocumentFragment>
  <div
    class="ViewStyled-sc-rqe5sa-0 ViewStyled__WrapperContent-sc-rqe5sa-6 fTsvHV gVWyht"
  >
    <div
      class="ViewStyled-sc-rqe5sa-0 hSHZsk"
      height="60"
      width="250"
    >
      <span
        style="box-sizing: border-box; display: block; overflow: hidden; background: none; opacity: 1; border: 0px; margin: 0px; padding: 0px; position: absolute; top: 0px; left: 0px; bottom: 0px; right: 0px;"
      >
        <img
          alt="stellar-logo"
          data-nimg="fill"
          decoding="async"
          src="data:image/gif;base64,R0lGODlhAQABAIAAAAAAAP///yH5BAEAAAAALAAAAAABAAEAAAIBRAA7"
          style="position: absolute; top: 0px; left: 0px; bottom: 0px; right: 0px; box-sizing: border-box; padding: 0px; margin: auto; display: block; width: 0px; height: 0px; min-width: 100%; max-width: 100%; min-height: 100%; max-height: 100%; object-fit: contain;"
        />
        <noscript />
      </span>
    </div>
    <div
      class="ViewStyled-sc-rqe5sa-0 kLQFtm"
      display="flex"
    >
      <div
        class="ViewStyled-sc-rqe5sa-0 hxHJAe"
        data-testid="img"
        height="450"
        width="inherit"
      >
        <span
          style="box-sizing: border-box; display: block; overflow: hidden; background: none; opacity: 1; border: 0px; margin: 0px; padding: 0px; position: absolute; top: 0px; left: 0px; bottom: 0px; right: 0px;"
        >
          <img
            alt="Jumping man image"
            data-nimg="fill"
            decoding="async"
            src="data:image/gif;base64,R0lGODlhAQABAIAAAAAAAP///yH5BAEAAAAALAAAAAABAAEAAAIBRAA7"
            style="position: absolute; top: 0px; left: 0px; bottom: 0px; right: 0px; box-sizing: border-box; padding: 0px; margin: auto; display: block; width: 0px; height: 0px; min-width: 100%; max-width: 100%; min-height: 100%; max-height: 100%; object-fit: contain;"
          />
          <noscript />
        </span>
      </div>
      <div
        class="ViewStyled-sc-rqe5sa-0 bEaHGp"
        display="flex"
        width="inherit"
      >
        <h1
          class="TextStyled-sc-9xia41-0 TitleStyled-sc-t58pjn-0 iPgIes WstJK"
          color="#000"
          font-family="AdobeCleanExtraBold"
        >
          Login
        </h1>
        <form
          class="ViewStyled-sc-rqe5sa-0 ViewStyled__BoxShadowStyled-sc-rqe5sa-2 kjqdjo eFQizc"
          data-testid="loginForm"
          display="flex"
          novalidate=""
        >
          <div
            class="ViewStyled-sc-rqe5sa-0 InputStyled__WrapperInputStyled-sc-9gj86m-1 UsSdI brcjID"
            color="#203F59"
            data-testid="inputIcon"
            display="block"
          >
            <div
              class="ViewStyled-sc-rqe5sa-0 InputStyled__WrapperIconStyled-sc-9gj86m-2 fTsvHV kHphsF"
            >
              <span
                style="box-sizing: border-box; display: block; overflow: hidden; background: none; opacity: 1; border: 0px; margin: 0px; padding: 0px; position: absolute; top: 0px; left: 0px; bottom: 0px; right: 0px;"
              >
                <img
                  alt="icon"
                  data-nimg="fill"
                  decoding="async"
                  src="data:image/gif;base64,R0lGODlhAQABAIAAAAAAAP///yH5BAEAAAAALAAAAAABAAEAAAIBRAA7"
                  style="position: absolute; top: 0px; left: 0px; bottom: 0px; right: 0px; box-sizing: border-box; padding: 0px; margin: auto; display: block; width: 0px; height: 0px; min-width: 100%; max-width: 100%; min-height: 100%; max-height: 100%;"
                />
                <noscript />
              </span>
            </div>
            <input
              class="InputStyled-sc-1k09cqb-0 InputStyled__InputItemStyled-sc-9gj86m-0 hnxmhM NDCRX"
              data-testid="iconInput"
              name="email"
              placeholder="Enter your email address"
              type="email"
              value=""
            />
          </div>
          <div
            class="ViewStyled-sc-rqe5sa-0 InputStyled__WrapperInputStyled-sc-9gj86m-1 bNeJX brcjID"
            color="#203F59"
            data-testid="inputIcon"
            display="block"
          >
            <div
              class="ViewStyled-sc-rqe5sa-0 InputStyled__WrapperIconStyled-sc-9gj86m-2 fTsvHV kHphsF"
            >
              <span
                style="box-sizing: border-box; display: block; overflow: hidden; background: none; opacity: 1; border: 0px; margin: 0px; padding: 0px; position: absolute; top: 0px; left: 0px; bottom: 0px; right: 0px;"
              >
                <img
                  alt="icon"
                  data-nimg="fill"
                  decoding="async"
                  src="data:image/gif;base64,R0lGODlhAQABAIAAAAAAAP///yH5BAEAAAAALAAAAAABAAEAAAIBRAA7"
                  style="position: absolute; top: 0px; left: 0px; bottom: 0px; right: 0px; box-sizing: border-box; padding: 0px; margin: auto; display: block; width: 0px; height: 0px; min-width: 100%; max-width: 100%; min-height: 100%; max-height: 100%;"
                />
                <noscript />
              </span>
            </div>
            <input
              class="InputStyled-sc-1k09cqb-0 InputStyled__InputItemStyled-sc-9gj86m-0 hnxmhM NDCRX"
              data-testid="iconInput"
              name="password"
              placeholder="Password"
              type="password"
              value=""
            />
          </div>
          <button
            class="ButtonStyled-sc-1ys9v52-0 iAfDLq"
            data-testid="button"
            disabled=""
            type="submit"
          >
            Login
          </button>
          <a
            class="LinkStyled__ButtonLinkStyled-sc-626068-1 hvsWbe"
            data-testid="link"
            href="/forgot-password"
          >
            Forgot Password?
          </a>
        </form>
        <p
          class="TextStyled-sc-9xia41-0 jjVoJj"
        >
          <span
            class="TextStyled-sc-9xia41-0 loORFZ"
            color="#676767"
          >
            Donâ€™t have an account?
          </span>
          <a
            class="LinkStyled__ButtonLinkStyled-sc-626068-1 lfTGbL"
            data-testid="link"
            display="inline"
            href="/sign-up"
          >
            Signup Now
          </a>
        </p>
      </div>
    </div>
  </div>
</DocumentFragment>
`;
