// Jest Snapshot v1, https://goo.gl/fbAQLP

exports[`SignUp Page SignUp Page matches snapshot 1`] = `
<DocumentFragment>
  <div
    class="ViewStyled-sc-rqe5sa-0 ViewStyled__WrapperContent-sc-rqe5sa-6 fTsvHV gVWyht"
  >
    <div
      class="ViewStyled-sc-rqe5sa-0 ideuBe"
      display="flex"
    >
      <div
        class="ViewStyled-sc-rqe5sa-0 knVWgS"
        display="flex"
      >
        <div
          class="ViewStyled-sc-rqe5sa-0 knVWgS"
          display="flex"
        >
          <span
            class="TextStyled-sc-9xia41-0 exqdNj"
            color="#203F59"
            data-testid="stepper-value"
            font-weight="400"
          >
            Sign Up
          </span>
          <span
            class="TextStyled-sc-9xia41-0 StepperStyled__ArrowStyled-sc-1rhowde-0 gtHdGO jbeCTy"
          />
        </div>
        <div
          class="ViewStyled-sc-rqe5sa-0 knVWgS"
          display="flex"
        >
          <span
            class="TextStyled-sc-9xia41-0 leTdwL"
            color="#C0C0C0"
            data-testid="stepper-value"
            font-weight="400"
          >
            Set Goals
          </span>
          <span
            class="TextStyled-sc-9xia41-0 StepperStyled__ArrowStyled-sc-1rhowde-0 gtHdGO jbeCTy"
          />
        </div>
        <div
          class="ViewStyled-sc-rqe5sa-0 knVWgS"
          display="flex"
        >
          <span
            class="TextStyled-sc-9xia41-0 leTdwL"
            color="#C0C0C0"
            data-testid="stepper-value"
            font-weight="400"
          >
            Connect Bank
          </span>
        </div>
      </div>
      <h1
        class="TextStyled-sc-9xia41-0 TitleStyled-sc-t58pjn-0 hVBNCy ONSni"
        color="#242A30"
        font-family="AdobeCleanExtraBold"
        font-size="36"
        letter-spacing="2"
      >
        Start Paying Bills & Building Credit With Stellar
      </h1>
    </div>
    <div
      class="ViewStyled-sc-rqe5sa-0 hoblyi"
      display="flex"
    >
      <div
        class="ViewStyled-sc-rqe5sa-0 dhvRDB"
        display="flex"
        height="400"
        width="inherit"
      >
        <span
          style="box-sizing: border-box; display: block; overflow: hidden; background: none; opacity: 1; border: 0px; margin: 0px; padding: 0px; position: absolute; top: 0px; left: 0px; bottom: 0px; right: 0px;"
        >
          <img
            alt="Jumping man image"
            data-nimg="fill"
            decoding="async"
            src="data:image/gif;base64,R0lGODlhAQABAIAAAAAAAP///yH5BAEAAAAALAAAAAABAAEAAAIBRAA7"
            style="position: absolute; top: 0px; left: 0px; bottom: 0px; right: 0px; box-sizing: border-box; padding: 0px; margin: auto; display: block; width: 0px; height: 0px; min-width: 100%; max-width: 100%; min-height: 100%; max-height: 100%; object-fit: contain;"
          />
          <noscript />
        </span>
      </div>
      <div
        class="ViewStyled-sc-rqe5sa-0 bEaHGp"
        display="flex"
        width="inherit"
      >
        <form
          class="ViewStyled-sc-rqe5sa-0 ViewStyled__BoxShadowStyled-sc-rqe5sa-2 eyjbww chwtod"
          display="flex"
          novalidate=""
        >
          <div
            class="ViewStyled-sc-rqe5sa-0 InputStyled__WrapperInputStyled-sc-9gj86m-1 hycRZr brcjID"
            color="#203F59"
            data-testid="inputIcon"
            display="block"
          >
            <div
              class="ViewStyled-sc-rqe5sa-0 InputStyled__WrapperIconStyled-sc-9gj86m-2 fTsvHV kHphsF"
            >
              <span
                style="box-sizing: border-box; display: block; overflow: hidden; background: none; opacity: 1; border: 0px; margin: 0px; padding: 0px; position: absolute; top: 0px; left: 0px; bottom: 0px; right: 0px;"
              >
                <img
                  alt="icon"
                  data-nimg="fill"
                  decoding="async"
                  src="data:image/gif;base64,R0lGODlhAQABAIAAAAAAAP///yH5BAEAAAAALAAAAAABAAEAAAIBRAA7"
                  style="position: absolute; top: 0px; left: 0px; bottom: 0px; right: 0px; box-sizing: border-box; padding: 0px; margin: auto; display: block; width: 0px; height: 0px; min-width: 100%; max-width: 100%; min-height: 100%; max-height: 100%;"
                />
                <noscript />
              </span>
            </div>
            <input
              class="InputStyled-sc-1k09cqb-0 InputStyled__InputItemStyled-sc-9gj86m-0 hnxmhM NDCRX"
              data-testid="iconInput"
              name="userName"
              placeholder="Full Name"
              type="text"
              value=""
            />
          </div>
          <div
            class="ViewStyled-sc-rqe5sa-0 InputStyled__WrapperInputStyled-sc-9gj86m-1 hycRZr brcjID"
            color="#203F59"
            data-testid="inputIcon"
            display="block"
          >
            <div
              class="ViewStyled-sc-rqe5sa-0 InputStyled__WrapperIconStyled-sc-9gj86m-2 fTsvHV kHphsF"
            >
              <span
                style="box-sizing: border-box; display: block; overflow: hidden; background: none; opacity: 1; border: 0px; margin: 0px; padding: 0px; position: absolute; top: 0px; left: 0px; bottom: 0px; right: 0px;"
              >
                <img
                  alt="icon"
                  data-nimg="fill"
                  decoding="async"
                  src="data:image/gif;base64,R0lGODlhAQABAIAAAAAAAP///yH5BAEAAAAALAAAAAABAAEAAAIBRAA7"
                  style="position: absolute; top: 0px; left: 0px; bottom: 0px; right: 0px; box-sizing: border-box; padding: 0px; margin: auto; display: block; width: 0px; height: 0px; min-width: 100%; max-width: 100%; min-height: 100%; max-height: 100%;"
                />
                <noscript />
              </span>
            </div>
            <input
              class="InputStyled-sc-1k09cqb-0 InputStyled__InputItemStyled-sc-9gj86m-0 hnxmhM NDCRX"
              data-testid="iconInput"
              name="email"
              placeholder="Enter your email address"
              type="email"
              value=""
            />
          </div>
          <div
            class="ViewStyled-sc-rqe5sa-0 InputStyled__WrapperInputStyled-sc-9gj86m-1 jvfMhn djmkHm"
            color="#203F59"
            data-testid="inputIcon"
            display="none"
          >
            <div
              class="ViewStyled-sc-rqe5sa-0 InputStyled__WrapperIconStyled-sc-9gj86m-2 fTsvHV kHphsF"
            >
              <span
                style="box-sizing: border-box; display: block; overflow: hidden; background: none; opacity: 1; border: 0px; margin: 0px; padding: 0px; position: absolute; top: 0px; left: 0px; bottom: 0px; right: 0px;"
              >
                <img
                  alt="icon"
                  data-nimg="fill"
                  decoding="async"
                  src="data:image/gif;base64,R0lGODlhAQABAIAAAAAAAP///yH5BAEAAAAALAAAAAABAAEAAAIBRAA7"
                  style="position: absolute; top: 0px; left: 0px; bottom: 0px; right: 0px; box-sizing: border-box; padding: 0px; margin: auto; display: block; width: 0px; height: 0px; min-width: 100%; max-width: 100%; min-height: 100%; max-height: 100%;"
                />
                <noscript />
              </span>
            </div>
            <input
              class="InputStyled-sc-1k09cqb-0 InputStyled__InputItemStyled-sc-9gj86m-0 hnxmhM NDCRX"
              data-testid="iconInput"
              name="password"
              placeholder="Password"
              type="password"
              value=""
            />
            <span
              class="InputStyled__PasswordStrength-sc-9gj86m-3 cceVTN"
              color="#F22E3E"
              data-testid="spanCheckPass"
              display="block"
            />
          </div>
          <div
            class="InputStyled__GroupLine-sc-9gj86m-4 gAMHPd"
            data-testid="WrapperGroupLine"
          >
            <span
              class="InputStyled__LineBottomInputStyled-sc-9gj86m-5 gWXiso"
            />
            <span
              class="InputStyled__LineBottomInputStyled-sc-9gj86m-5 jtiVzP"
            />
            <span
              class="InputStyled__LineBottomInputStyled-sc-9gj86m-5 WRBQZ"
            />
          </div>
          <button
            class="ButtonStyled-sc-1ys9v52-0 jdGxZo"
            data-testid="button"
            disabled=""
            type="submit"
          >
            Create My Account
          </button>
        </form>
        <span
          class="TextStyled-sc-9xia41-0 efXmTT"
          color="#203F59"
          font-size="13"
        >
          By joining, I agree to Stellarâ€™s Privacy Policy, Terms of Use, Payment Authorization, and Electronic Communications Concent.
        </span>
      </div>
    </div>
  </div>
</DocumentFragment>
`;
