// Jest Snapshot v1, https://goo.gl/fbAQLP

exports[`Header layout Header Default matchers DOM Snapshot 1`] = `
<div>
  <header
    class="ViewStyled-sc-rqe5sa-0 HeaderStyled-sc-ht65yv-0 fGSqOK fKKWJQ"
    width="100%"
  >
    <div
      class="ViewStyled-sc-rqe5sa-0 ViewStyled__Container-sc-rqe5sa-9 ivbjTx dTVWqF"
      display="flex"
    >
      <div
        class="ViewStyled-sc-rqe5sa-0 eqYeCy"
        display="flex"
        width="15%"
      >
        <button
          class="ButtonStyled-sc-1ys9v52-0 dFjjMT"
          data-testid="button"
        >
          <span
            class="ButtonStyled__ButtonIconStyled-sc-1ys9v52-1 DjHyU"
          >
            <div
              class="ViewStyled-sc-rqe5sa-0 lFLaW"
              display="inline-block"
              height="20"
              width="20"
            >
              <span
                style="box-sizing: border-box; display: block; overflow: hidden; background: none; opacity: 1; border: 0px; margin: 0px; padding: 0px; position: absolute; top: 0px; left: 0px; bottom: 0px; right: 0px;"
              >
                <img
                  data-nimg="fill"
                  decoding="async"
                  src="data:image/gif;base64,R0lGODlhAQABAIAAAAAAAP///yH5BAEAAAAALAAAAAABAAEAAAIBRAA7"
                  style="position: absolute; top: 0px; left: 0px; bottom: 0px; right: 0px; box-sizing: border-box; padding: 0px; margin: auto; display: block; width: 0px; height: 0px; min-width: 100%; max-width: 100%; min-height: 100%; max-height: 100%;"
                />
                <noscript />
              </span>
            </div>
          </span>
        </button>
      </div>
      <div
        class="ViewStyled-sc-rqe5sa-0 hItHKT"
        width="70%"
      >
        <span
          style="box-sizing: border-box; display: inline-block; overflow: hidden; background: none; opacity: 1; border: 0px; margin: 0px; padding: 0px; position: relative; max-width: 100%;"
        >
          <span
            style="box-sizing: border-box; display: block; background: none; opacity: 1; border: 0px; margin: 0px; padding: 0px; max-width: 100%;"
          >
            <img
              alt=""
              aria-hidden="true"
              src="data:image/svg+xml,%3csvg%20xmlns=%27http://www.w3.org/2000/svg%27%20version=%271.1%27%20width=%2730%27%20height=%2730%27/%3e"
              style="display: block; max-width: 100%; background: none; opacity: 1; border: 0px; margin: 0px; padding: 0px;"
            />
          </span>
          <img
            data-nimg="intrinsic"
            decoding="async"
            src="data:image/gif;base64,R0lGODlhAQABAIAAAAAAAP///yH5BAEAAAAALAAAAAABAAEAAAIBRAA7"
            style="position: absolute; top: 0px; left: 0px; bottom: 0px; right: 0px; box-sizing: border-box; padding: 0px; margin: auto; display: block; width: 0px; height: 0px; min-width: 100%; max-width: 100%; min-height: 100%; max-height: 100%;"
          />
          <noscript />
        </span>
      </div>
      <div
        class="ViewStyled-sc-rqe5sa-0 fMTQRR"
        display="flex"
        width="15%"
      >
        <a
          class="LinkStyled__ButtonLinkStyled-sc-626068-1 gswOa"
          data-testid="link"
          href="/login"
          width="50"
        >
          Login
        </a>
      </div>
    </div>
  </header>
</div>
`;

exports[`Header layout Header Primary matchers DOM Snapshot 1`] = `
<div>
  <header
    class="ViewStyled-sc-rqe5sa-0 HeaderStyled-sc-ht65yv-0 eEKeVh fKKWJQ"
    width="100%"
  >
    <div
      class="ViewStyled-sc-rqe5sa-0 ViewStyled__Container-sc-rqe5sa-9 ivbjTx dTVWqF"
      display="flex"
    >
      <div
        class="ViewStyled-sc-rqe5sa-0 knVWgS"
        display="flex"
      >
        <span
          class="TextStyled-sc-9xia41-0 HeaderStyled__LogoStyled-sc-ht65yv-1 bUlkxO hvoHPo"
          display="flex"
        >
          <span
            style="box-sizing: border-box; display: inline-block; overflow: hidden; background: none; opacity: 1; border: 0px; margin: 0px; padding: 0px; position: relative; max-width: 100%;"
          >
            <span
              style="box-sizing: border-box; display: block; background: none; opacity: 1; border: 0px; margin: 0px; padding: 0px; max-width: 100%;"
            >
              <img
                alt=""
                aria-hidden="true"
                src="data:image/svg+xml,%3csvg%20xmlns=%27http://www.w3.org/2000/svg%27%20version=%271.1%27%20width=%27105%27%20height=%2720%27/%3e"
                style="display: block; max-width: 100%; background: none; opacity: 1; border: 0px; margin: 0px; padding: 0px;"
              />
            </span>
            <img
              data-nimg="intrinsic"
              decoding="async"
              src="data:image/gif;base64,R0lGODlhAQABAIAAAAAAAP///yH5BAEAAAAALAAAAAABAAEAAAIBRAA7"
              style="position: absolute; top: 0px; left: 0px; bottom: 0px; right: 0px; box-sizing: border-box; padding: 0px; margin: auto; display: block; width: 0px; height: 0px; min-width: 100%; max-width: 100%; min-height: 100%; max-height: 100%;"
            />
            <noscript />
          </span>
        </span>
      </div>
      <div
        class="ViewStyled-sc-rqe5sa-0 HeaderStyled__WrapperAvatarStyled-sc-ht65yv-2 iRjzkB faxsfr"
        display="flex"
      >
        <div
          class="ViewStyled-sc-rqe5sa-0 fTsvHV"
        >
          <button
            class="ButtonStyled-sc-1ys9v52-0 dDdKTh"
            data-testid="button"
          >
            <span
              class="ButtonStyled__ButtonIconStyled-sc-1ys9v52-1 DjHyU"
            >
              <div
                class="ViewStyled-sc-rqe5sa-0 lFLaW"
                display="inline-block"
                height="20"
                width="20"
              >
                <span
                  style="box-sizing: border-box; display: block; overflow: hidden; background: none; opacity: 1; border: 0px; margin: 0px; padding: 0px; position: absolute; top: 0px; left: 0px; bottom: 0px; right: 0px;"
                >
                  <img
                    data-nimg="fill"
                    decoding="async"
                    src="data:image/gif;base64,R0lGODlhAQABAIAAAAAAAP///yH5BAEAAAAALAAAAAABAAEAAAIBRAA7"
                    style="position: absolute; top: 0px; left: 0px; bottom: 0px; right: 0px; box-sizing: border-box; padding: 0px; margin: auto; display: block; width: 0px; height: 0px; min-width: 100%; max-width: 100%; min-height: 100%; max-height: 100%;"
                  />
                  <noscript />
                </span>
                <span
                  class="TextStyled-sc-9xia41-0 TextStyled__BadgeNotifStyled-sc-9xia41-5 gtHdGO hQwyqw"
                >
                  4
                </span>
              </div>
            </span>
          </button>
          <div
            class="ViewStyled-sc-rqe5sa-0 ViewStyled__BoxShadowStyled-sc-rqe5sa-2 ViewStyled__BoxShadowAnimationStyled-sc-rqe5sa-3 hgketM csavJt hhfTyz"
            data-testid="notificationsHeader"
            width="300"
          >
            <ul
              class="ListStyled-sc-t03hvr-0 gYEiwT"
              display="none"
              width="100%"
            >
              <li
                class="ListStyled__ListItemStyled-sc-t03hvr-1 kGAnkc"
              >
                <div
                  class="ViewStyled-sc-rqe5sa-0 XoSwA"
                  display="flex"
                >
                  <span
                    class="TextStyled-sc-9xia41-0 jfztUt"
                    font-size="16"
                    font-weight="700"
                  >
                    Credit Score Update
                  </span>
                  <span
                    class="TextStyled-sc-9xia41-0 TextStyled__TextDescriptionStyled-sc-9xia41-2 iixUHT kyJdLf"
                    color="#242A30"
                    overflow="hidden"
                  >
                    Your credit score increased by...
                  </span>
                  <span
                    class="TextStyled-sc-9xia41-0 TextStyled__TextDescriptionStyled-sc-9xia41-2 cntApC kyJdLf"
                    color="#242A30"
                  >
                    1 hours
                  </span>
                </div>
              </li>
              <li
                class="ListStyled__ListItemStyled-sc-t03hvr-1 kGAnkc"
              >
                <div
                  class="ViewStyled-sc-rqe5sa-0 XoSwA"
                  display="flex"
                >
                  <span
                    class="TextStyled-sc-9xia41-0 jfztUt"
                    font-size="16"
                    font-weight="700"
                  >
                    Bill Pay
                  </span>
                  <span
                    class="TextStyled-sc-9xia41-0 TextStyled__TextDescriptionStyled-sc-9xia41-2 iixUHT kyJdLf"
                    color="#242A30"
                    overflow="hidden"
                  >
                    We noticed you missed a payment...
                  </span>
                  <span
                    class="TextStyled-sc-9xia41-0 TextStyled__TextDescriptionStyled-sc-9xia41-2 cntApC kyJdLf"
                    color="#242A30"
                  >
                    3 days ago
                  </span>
                </div>
              </li>
              <li
                class="ListStyled__ListItemStyled-sc-t03hvr-1 kGAnkc"
              >
                <div
                  class="ViewStyled-sc-rqe5sa-0 XoSwA"
                  display="flex"
                >
                  <span
                    class="TextStyled-sc-9xia41-0 jfztUt"
                    font-size="16"
                    font-weight="700"
                  >
                    Offer
                  </span>
                  <span
                    class="TextStyled-sc-9xia41-0 TextStyled__TextDescriptionStyled-sc-9xia41-2 iixUHT kyJdLf"
                    color="#242A30"
                    overflow="hidden"
                  >
                    Look like you may quality for...
                  </span>
                  <span
                    class="TextStyled-sc-9xia41-0 TextStyled__TextDescriptionStyled-sc-9xia41-2 cntApC kyJdLf"
                    color="#242A30"
                  >
                    10 days ago
                  </span>
                </div>
              </li>
              <li
                class="ListStyled__ListItemStyled-sc-t03hvr-1 kGAnkc"
              >
                <div
                  class="ViewStyled-sc-rqe5sa-0 XoSwA"
                  display="flex"
                >
                  <span
                    class="TextStyled-sc-9xia41-0 jfztUt"
                    font-size="16"
                    font-weight="700"
                  >
                    Offer
                  </span>
                  <span
                    class="TextStyled-sc-9xia41-0 TextStyled__TextDescriptionStyled-sc-9xia41-2 iixUHT kyJdLf"
                    color="#242A30"
                    overflow="hidden"
                  >
                    Look like you may quality for offer
                  </span>
                  <span
                    class="TextStyled-sc-9xia41-0 TextStyled__TextDescriptionStyled-sc-9xia41-2 cntApC kyJdLf"
                    color="#242A30"
                  >
                    11 days ago
                  </span>
                </div>
              </li>
            </ul>
          </div>
        </div>
        <div
          class="ViewStyled-sc-rqe5sa-0 fTsvHV"
        >
          <div
            class="ViewStyled-sc-rqe5sa-0 iYPAli"
            cursor="pointer"
            height="40"
            width="40"
          >
            <span
              style="box-sizing: border-box; display: block; overflow: hidden; background: none; opacity: 1; border: 0px; margin: 0px; padding: 0px; position: absolute; top: 0px; left: 0px; bottom: 0px; right: 0px;"
            >
              <img
                class="AvatarStyled__AvatarImageStyled-sc-1ppokaq-0 WGkXw"
                data-nimg="fill"
                data-testid="imgAvatar"
                decoding="async"
                src="data:image/gif;base64,R0lGODlhAQABAIAAAAAAAP///yH5BAEAAAAALAAAAAABAAEAAAIBRAA7"
                style="position: absolute; top: 0px; left: 0px; bottom: 0px; right: 0px; box-sizing: border-box; padding: 0px; margin: auto; display: block; width: 0px; height: 0px; min-width: 100%; max-width: 100%; min-height: 100%; max-height: 100%;"
              />
              <noscript />
            </span>
          </div>
          <div
            class="ViewStyled-sc-rqe5sa-0 ViewStyled__BoxShadowStyled-sc-rqe5sa-2 ViewStyled__BoxShadowAnimationStyled-sc-rqe5sa-3 exDRui csavJt hhfTyz"
            data-testid="menuHeader"
            width="300"
          >
            <ul
              class="ListStyled-sc-t03hvr-0 hFGRnl"
              width="100%"
            >
              <li
                class="ListStyled__ListItemStyled-sc-t03hvr-1 ggeHjz"
              >
                <div
                  class="ViewStyled-sc-rqe5sa-0 HeaderStyled__WrapperAvatarStyled-sc-ht65yv-2 fkNXGy faxsfr"
                  display="flex"
                >
                  <div
                    class="ViewStyled-sc-rqe5sa-0 dEUOMm"
                    cursor="pointer"
                    height="60"
                    width="60"
                  >
                    <span
                      style="box-sizing: border-box; display: block; overflow: hidden; background: none; opacity: 1; border: 0px; margin: 0px; padding: 0px; position: absolute; top: 0px; left: 0px; bottom: 0px; right: 0px;"
                    >
                      <img
                        class="AvatarStyled__AvatarImageStyled-sc-1ppokaq-0 WGkXw"
                        data-nimg="fill"
                        data-testid="imgAvatar"
                        decoding="async"
                        src="data:image/gif;base64,R0lGODlhAQABAIAAAAAAAP///yH5BAEAAAAALAAAAAABAAEAAAIBRAA7"
                        style="position: absolute; top: 0px; left: 0px; bottom: 0px; right: 0px; box-sizing: border-box; padding: 0px; margin: auto; display: block; width: 0px; height: 0px; min-width: 100%; max-width: 100%; min-height: 100%; max-height: 100%;"
                      />
                      <noscript />
                    </span>
                  </div>
                  <div
                    class="ViewStyled-sc-rqe5sa-0 iMoZMg"
                    display="flex"
                  >
                    <span
                      class="TextStyled-sc-9xia41-0 evMDQc"
                      font-weight="700"
                      overflow="hidden"
                    />
                    <a
                      class="LinkStyled__ButtonLinkStyled-sc-626068-1 fbACSi"
                      color="#101F30"
                      data-testid="link"
                      display="inline"
                      font-family="AdobeCleanLight"
                      font-size="13"
                      href="/profile"
                      letter-spacing="0.9"
                    >
                      See Your Profile
                    </a>
                  </div>
                </div>
              </li>
              <li
                class="ListStyled__ListItemStyled-sc-t03hvr-1 dBsbXq"
                href="/refer-a-friend"
              >
                <div
                  class="ViewStyled-sc-rqe5sa-0 kQGDDR"
                >
                  <a
                    class="LinkStyled__ButtonLinkStyled-sc-626068-1 iIGnIj"
                    data-testid="link"
                    display="inline"
                    font-size="16"
                    font-weight="700"
                    href="/refer-a-friend"
                  >
                    Refer A Friend
                  </a>
                </div>
              </li>
              <li
                class="ListStyled__ListItemStyled-sc-t03hvr-1 dBsbXq"
                href="/connect-bank?returnUrl=%2Fabc"
              >
                <div
                  class="ViewStyled-sc-rqe5sa-0 kQGDDR"
                >
                  <a
                    class="LinkStyled__ButtonLinkStyled-sc-626068-1 iIGnIj"
                    data-testid="link"
                    display="inline"
                    font-size="16"
                    font-weight="700"
                    href="/connect-bank?returnUrl=%2Fabc"
                  >
                    Connect Bank
                  </a>
                </div>
              </li>
              <li
                class="ListStyled__ListItemStyled-sc-t03hvr-1 eXKxno"
              >
                <ul
                  class="ListStyled-sc-t03hvr-0 jAJdQE"
                  display="block"
                  width="100%"
                >
                  <li
                    class="ListStyled__ListItemStyled-sc-t03hvr-1 koFPQW"
                    href="/dashboard"
                  >
                    <a
                      class="LinkStyled__ButtonLinkStyled-sc-626068-1 fyaZWH"
                      data-testid="link"
                      display="inline"
                      font-size="16"
                      font-weight="700"
                      href="/dashboard"
                    >
                      Dashboard
                    </a>
                  </li>
                  <li
                    class="ListStyled__ListItemStyled-sc-t03hvr-1 koFPQW"
                  >
                    <a
                      class="LinkStyled__ButtonLinkStyled-sc-626068-1 fyaZWH"
                      data-testid="link"
                      display="inline"
                      font-size="16"
                      font-weight="700"
                      href="/help"
                    >
                      Help & Support
                    </a>
                  </li>
                  <li
                    class="ListStyled__ListItemStyled-sc-t03hvr-1 koFPQW"
                  >
                    <button
                      class="ButtonStyled-sc-1ys9v52-0 gwnvOP"
                      color="#242A30"
                      data-testid="buttonLogout"
                      font-size="16"
                      font-weight="700"
                    >
                      Log Out
                    </button>
                  </li>
                </ul>
              </li>
              <li
                class="ListStyled__ListItemStyled-sc-t03hvr-1 jfbuwf"
              >
                <span
                  class="TextStyled-sc-9xia41-0 jjPAoQ"
                >
                  <a
                    class="LinkStyled__ButtonLinkStyled-sc-626068-1 bvoeHr"
                    color="#919099"
                    data-testid="link"
                    display="inline"
                    font-family="AdobeCleanLight"
                    font-size="13"
                    href="/privacy-policy"
                    letter-spacing="0.4"
                  >
                    Privacy Policy
                  </a>
                  <span
                    class="TextStyled-sc-9xia41-0 hrVQLR"
                    color="#919099"
                  >
                     - 
                  </span>
                  <a
                    class="LinkStyled__ButtonLinkStyled-sc-626068-1 bvoeHr"
                    color="#919099"
                    data-testid="link"
                    display="inline"
                    font-family="AdobeCleanLight"
                    font-size="13"
                    href="/terms-of-use"
                    letter-spacing="0.4"
                  >
                    Terms of Use
                  </a>
                </span>
              </li>
            </ul>
          </div>
        </div>
      </div>
    </div>
    <ul
      class="ListStyled-sc-t03hvr-0 cYiWEp"
    >
      <li
        class="ListStyled__ListItemStyled-sc-t03hvr-1 GyEBw"
        data-testid="item1"
      >
        <a
          class="LinkStyled-sc-626068-0 fqiYnA"
          color="#FFF"
          data-testid="/help-1"
          href="/help"
        >
          Help
        </a>
      </li>
      <li
        class="ListStyled__ListItemStyled-sc-t03hvr-1 GyEBw"
        data-testid="item2"
      >
        <a
          class="LinkStyled-sc-626068-0 fqiYnA"
          color="#FFF"
          data-testid="/feedback-2"
          href="/feedback"
        >
          Feedback
        </a>
      </li>
      <li
        class="ListStyled__ListItemStyled-sc-t03hvr-1 GyEBw"
        data-testid="item3"
      >
        <a
          class="LinkStyled-sc-626068-0 fqiYnA"
          color="#FFF"
          data-testid="/refer-a-friend-3"
          href="/refer-a-friend"
        >
          Refer A Friend
        </a>
      </li>
    </ul>
  </header>
</div>
`;
