// Jest Snapshot v1, https://goo.gl/fbAQLP

exports[`AnimatedScoreGroup Component renders animatedScoreGroup unchanged 1`] = `
<DocumentFragment>
  <div
    class="ViewStyled-sc-rqe5sa-0 datfMp"
    display="flex"
    width="100%"
  >
    <div
      class="ViewStyled-sc-rqe5sa-0 kQEvr"
      width="min(90%, 43.75rem)"
    >
      <div
        class="ViewStyled-sc-rqe5sa-0 AnimatedScoreGroupStyled__TitleWrapperStyled-sc-jka6cd-0 fTsvHV kIwIuJ"
      >
        <h1
          class="TextStyled-sc-9xia41-0 LandingPageStyled__TitleLandingPageStyled-sc-19vluzy-2 hMnkWB ekfgDB"
          color="#FFF"
          font-weight="700"
        >
          Your credit score is calculated using data from your credit report.
        </h1>
        <h1
          class="TextStyled-sc-9xia41-0 LandingPageStyled__TitleLandingPageStyled-sc-19vluzy-2 hMnkWB ekfgDB"
          color="#FFF"
          font-weight="700"
        >
          Stellar improves factors that make up 80% of your score.
        </h1>
      </div>
      <div
        class="ViewStyled-sc-rqe5sa-0 kCJugR"
        display="flex"
        overflow="hidden"
        width="100%"
      >
        <div
          class="LineStyled__BaseLineStyled-sc-okjczv-0 LineStyled__StartBaseLineStyled-sc-okjczv-1 AnimatedLineScoreStyled__StartLineScoreStyled-sc-poybgv-0 dlHdcM hLygIM dPidGS"
          width="35"
        />
        <div
          class="LineStyled__BaseLineStyled-sc-okjczv-0 LineStyled__MiddleBaseLineStyled-sc-okjczv-2 AnimatedLineScoreStyled__MiddleLineScoreStyled-sc-poybgv-1 btYAst ldvwuf fvdruU"
          width="30"
        />
        <div
          class="LineStyled__BaseLineStyled-sc-okjczv-0 LineStyled__MiddleBaseLineStyled-sc-okjczv-2 AnimatedLineScoreStyled__MiddleLineScoreStyled-sc-poybgv-1 dCqiri ldvwuf hkQYyp"
          width="15"
        />
        <div
          class="LineStyled__BaseLineStyled-sc-okjczv-0 LineStyled__MiddleBaseLineStyled-sc-okjczv-2 AnimatedLineScoreStyled__MiddleLineScoreStyled-sc-poybgv-1 hhHjIH ldvwuf ifzRSN"
          width="10"
        />
        <div
          class="LineStyled__BaseLineStyled-sc-okjczv-0 LineStyled__EndBaseLineStyled-sc-okjczv-3 AnimatedLineScoreStyled__EndLineScoreStyled-sc-poybgv-2 hhHjIH dahDgB jlmGRx"
          width="10"
        />
        <div
          class="LineStyled__BaseLineStyled-sc-okjczv-0 LineStyled__StartBaseLineStyled-sc-okjczv-1 AnimatedLineScoreStyled__LayerLineStyled-sc-poybgv-3 kdqgjs hLygIM gwDPoj"
          width="80% - 0.875rem"
        />
        <div
          class="AnimatedLineScoreStyled__Shim-sc-poybgv-4 lisOCr"
        />
        <div
          class="AnimatedLineScoreStyled__Shim-sc-poybgv-4 bDcpsq"
        />
        <div
          class="AnimatedLineScoreStyled__Shim-sc-poybgv-4 cRdoku"
        />
        <div
          class="AnimatedLineScoreStyled__Shim-sc-poybgv-4 dnSNqt"
        />
      </div>
    </div>
    <div
      class="ViewStyled-sc-rqe5sa-0 AnimatedScoreGroupStyled__LabelWrapperStyled-sc-jka6cd-1 fTsvHV iVZsDV"
    >
      <span
        class="TextStyled-sc-9xia41-0 TitleStyled-sc-t58pjn-0 AnimatedScoreGroupStyled__ScoreLabelStyled-sc-jka6cd-2 fWhMws ftzJlA kwHUqK"
        color="#FFF"
        data-icon="false"
        letter-spacing="0.9"
      >
        35% Payment History
      </span>
      <span
        class="TextStyled-sc-9xia41-0 TitleStyled-sc-t58pjn-0 AnimatedScoreGroupStyled__ScoreLabelStyled-sc-jka6cd-2 fWhMws ftzJlA kwHUqK"
        color="#FFF"
        data-icon="true"
        letter-spacing="0.9"
      >
        +
      </span>
      <span
        class="TextStyled-sc-9xia41-0 TitleStyled-sc-t58pjn-0 AnimatedScoreGroupStyled__ScoreLabelStyled-sc-jka6cd-2 fWhMws ftzJlA kwHUqK"
        color="#FFF"
        data-icon="false"
        letter-spacing="0.9"
      >
        30% Credit Owed
      </span>
      <span
        class="TextStyled-sc-9xia41-0 TitleStyled-sc-t58pjn-0 AnimatedScoreGroupStyled__ScoreLabelStyled-sc-jka6cd-2 fWhMws ftzJlA kwHUqK"
        color="#FFF"
        data-icon="true"
        letter-spacing="0.9"
      >
        +
      </span>
      <span
        class="TextStyled-sc-9xia41-0 TitleStyled-sc-t58pjn-0 AnimatedScoreGroupStyled__ScoreLabelStyled-sc-jka6cd-2 fWhMws ftzJlA kwHUqK"
        color="#FFF"
        data-icon="false"
        letter-spacing="0.9"
      >
        15% Credit Age
      </span>
      <span
        class="TextStyled-sc-9xia41-0 TitleStyled-sc-t58pjn-0 AnimatedScoreGroupStyled__ScoreLabelStyled-sc-jka6cd-2 fWhMws ftzJlA kwHUqK"
        color="#FFF"
        data-icon="true"
        letter-spacing="0.9"
      >
        +
      </span>
      <span
        class="TextStyled-sc-9xia41-0 TitleStyled-sc-t58pjn-0 AnimatedScoreGroupStyled__ScoreLabelStyled-sc-jka6cd-2 fWhMws ftzJlA kwHUqK"
        color="#FFF"
        data-icon="false"
        letter-spacing="0.9"
      >
        10% New Credit
      </span>
      <span
        class="TextStyled-sc-9xia41-0 TitleStyled-sc-t58pjn-0 AnimatedScoreGroupStyled__ScoreLabelStyled-sc-jka6cd-2 fWhMws ftzJlA kwHUqK"
        color="#FFF"
        data-icon="true"
        letter-spacing="0.9"
      >
        +
      </span>
      <span
        class="TextStyled-sc-9xia41-0 TitleStyled-sc-t58pjn-0 AnimatedScoreGroupStyled__ScoreLabelStyled-sc-jka6cd-2 fWhMws ftzJlA kwHUqK"
        color="#FFF"
        data-icon="false"
        letter-spacing="0.9"
      >
        10% Credit Mix
      </span>
    </div>
  </div>
</DocumentFragment>
`;
