// Jest Snapshot v1, https://goo.gl/fbAQLP

exports[`ChangePassword component should renders ChangePassword unchanged 1`] = `
<DocumentFragment>
  <div
    class="ViewStyled-sc-rqe5sa-0 ViewStyled__BoxShadowStyled-sc-rqe5sa-2 qDPxs iHqAbY"
    display="flex"
    width="100%"
  >
    <h1
      class="TextStyled-sc-9xia41-0 TitleStyled-sc-t58pjn-0 bfcxuE WstJK"
      color="#000"
    >
      Password changed!
    </h1>
    <span
      class="TextStyled-sc-9xia41-0 cQkIvB"
    >
      Your password has been changed successfully
    </span>
    <a
      class="LinkStyled__ButtonLinkStyled-sc-626068-1 dlbvFT"
      data-testid="link"
      href="/login"
    >
      Okay
    </a>
  </div>
</DocumentFragment>
`;
