// Jest Snapshot v1, https://goo.gl/fbAQLP

exports[`MenuProfile Component Component MenuProfile matchers DOM Snapshot 1`] = `
<div>
  <div
    class="ViewStyled-sc-rqe5sa-0 ViewStyled__BoxShadowStyled-sc-rqe5sa-2 ViewStyled__BoxShadowAnimationStyled-sc-rqe5sa-3 exDRui csavJt bSwOhO"
    data-testid="menuHeader"
    width="300"
  >
    <ul
      class="ListStyled-sc-t03hvr-0 hFGRnl"
      width="100%"
    >
      <li
        class="ListStyled__ListItemStyled-sc-t03hvr-1 ggeHjz"
      >
        <div
          class="ViewStyled-sc-rqe5sa-0 HeaderStyled__WrapperAvatarStyled-sc-ht65yv-2 fkNXGy faxsfr"
          display="flex"
        >
          <div
            class="ViewStyled-sc-rqe5sa-0 dEUOMm"
            cursor="pointer"
            height="60"
            width="60"
          >
            <span
              class="AvatarStyled-sc-1ppokaq-1 bOiqfJ"
              data-testid="avatarDefault"
            />
          </div>
          <div
            class="ViewStyled-sc-rqe5sa-0 iMoZMg"
            display="flex"
          >
            <span
              class="TextStyled-sc-9xia41-0 evMDQc"
              font-weight="700"
              overflow="hidden"
            />
            <a
              class="LinkStyled__ButtonLinkStyled-sc-626068-1 fbACSi"
              color="#101F30"
              data-testid="link"
              display="inline"
              font-family="AdobeCleanLight"
              font-size="13"
              href="/profile"
              letter-spacing="0.9"
            >
              See Your Profile
            </a>
          </div>
        </div>
      </li>
      <li
        class="ListStyled__ListItemStyled-sc-t03hvr-1 dBsbXq"
        href="/refer-a-friend"
      >
        <div
          class="ViewStyled-sc-rqe5sa-0 kQGDDR"
        >
          <a
            class="LinkStyled__ButtonLinkStyled-sc-626068-1 iIGnIj"
            data-testid="link"
            display="inline"
            font-size="16"
            font-weight="700"
            href="/refer-a-friend"
          >
            Refer A Friend
          </a>
        </div>
      </li>
      <li
        class="ListStyled__ListItemStyled-sc-t03hvr-1 dBsbXq"
        href="/connect-bank?returnUrl=%2Fabc"
      >
        <div
          class="ViewStyled-sc-rqe5sa-0 kQGDDR"
        >
          <a
            class="LinkStyled__ButtonLinkStyled-sc-626068-1 iIGnIj"
            data-testid="link"
            display="inline"
            font-size="16"
            font-weight="700"
            href="/connect-bank?returnUrl=%2Fabc"
          >
            Connect Bank
          </a>
        </div>
      </li>
      <li
        class="ListStyled__ListItemStyled-sc-t03hvr-1 eXKxno"
      >
        <ul
          class="ListStyled-sc-t03hvr-0 jAJdQE"
          display="block"
          width="100%"
        >
          <li
            class="ListStyled__ListItemStyled-sc-t03hvr-1 koFPQW"
            href="/dashboard"
          >
            <a
              class="LinkStyled__ButtonLinkStyled-sc-626068-1 fyaZWH"
              data-testid="link"
              display="inline"
              font-size="16"
              font-weight="700"
              href="/dashboard"
            >
              Dashboard
            </a>
          </li>
          <li
            class="ListStyled__ListItemStyled-sc-t03hvr-1 koFPQW"
          >
            <a
              class="LinkStyled__ButtonLinkStyled-sc-626068-1 fyaZWH"
              data-testid="link"
              display="inline"
              font-size="16"
              font-weight="700"
              href="/help"
            >
              Help & Support
            </a>
          </li>
          <li
            class="ListStyled__ListItemStyled-sc-t03hvr-1 koFPQW"
          >
            <button
              class="ButtonStyled-sc-1ys9v52-0 gwnvOP"
              color="#242A30"
              data-testid="buttonLogout"
              font-size="16"
              font-weight="700"
            >
              Log Out
            </button>
          </li>
        </ul>
      </li>
      <li
        class="ListStyled__ListItemStyled-sc-t03hvr-1 jfbuwf"
      >
        <span
          class="TextStyled-sc-9xia41-0 jjPAoQ"
        >
          <a
            class="LinkStyled__ButtonLinkStyled-sc-626068-1 bvoeHr"
            color="#919099"
            data-testid="link"
            display="inline"
            font-family="AdobeCleanLight"
            font-size="13"
            href="/privacy-policy"
            letter-spacing="0.4"
          >
            Privacy Policy
          </a>
          <span
            class="TextStyled-sc-9xia41-0 hrVQLR"
            color="#919099"
          >
             - 
          </span>
          <a
            class="LinkStyled__ButtonLinkStyled-sc-626068-1 bvoeHr"
            color="#919099"
            data-testid="link"
            display="inline"
            font-family="AdobeCleanLight"
            font-size="13"
            href="/terms-of-use"
            letter-spacing="0.4"
          >
            Terms of Use
          </a>
        </span>
      </li>
    </ul>
  </div>
</div>
`;
