// Jest Snapshot v1, https://goo.gl/fbAQLP

exports[`ConnectAccountForm Component matches snapshot 1`] = `
<DocumentFragment>
  <form
    class="ViewStyled-sc-rqe5sa-0 ViewStyled__BoxShadowStyled-sc-rqe5sa-2 fTVJlI HQsEK"
    data-testid="connectAccountForm"
    novalidate=""
  >
    <div
      class="ViewStyled-sc-rqe5sa-0 cafaom"
      display="flex"
    >
      <div
        class="ViewStyled-sc-rqe5sa-0 gjRQva"
        cursor="pointer"
        height="80"
        width="80"
      >
        <span
          class="AvatarStyled-sc-1ppokaq-1 bOiqfJ"
          data-testid="avatarDefault"
        />
      </div>
      <span
        class="TextStyled-sc-9xia41-0 TitleStyled-sc-t58pjn-0 TitleStyled__TitlePopupStyled-sc-t58pjn-2 XkRb kyLpEc iyHIHp"
        color="#000"
        font-size="20"
        font-weight="700"
      >
        undefined Account
      </span>
    </div>
    <div
      class="ViewStyled-sc-rqe5sa-0 InputStyled__WrapperInputStyled-sc-9gj86m-1 gJtdND brcjID"
      color="#203F59"
      data-testid="inputIcon"
      display="block"
    >
      <div
        class="ViewStyled-sc-rqe5sa-0 InputStyled__WrapperIconStyled-sc-9gj86m-2 fTsvHV kHphsF"
      >
        <span
          style="box-sizing: border-box; display: block; overflow: hidden; background: none; opacity: 1; border: 0px; margin: 0px; padding: 0px; position: absolute; top: 0px; left: 0px; bottom: 0px; right: 0px;"
        >
          <img
            alt="icon"
            data-nimg="fill"
            decoding="async"
            src="data:image/gif;base64,R0lGODlhAQABAIAAAAAAAP///yH5BAEAAAAALAAAAAABAAEAAAIBRAA7"
            style="position: absolute; top: 0px; left: 0px; bottom: 0px; right: 0px; box-sizing: border-box; padding: 0px; margin: auto; display: block; width: 0px; height: 0px; min-width: 100%; max-width: 100%; min-height: 100%; max-height: 100%;"
          />
          <noscript />
        </span>
      </div>
      <input
        class="InputStyled-sc-1k09cqb-0 InputStyled__InputItemStyled-sc-9gj86m-0 hnxmhM NDCRX"
        data-testid="iconInput"
        name="email"
        placeholder="Email Address"
        type="email"
        value=""
      />
    </div>
    <div
      class="ViewStyled-sc-rqe5sa-0 InputStyled__WrapperInputStyled-sc-9gj86m-1 kdxmlR brcjID"
      color="#203F59"
      data-testid="inputIcon"
      display="block"
    >
      <div
        class="ViewStyled-sc-rqe5sa-0 InputStyled__WrapperIconStyled-sc-9gj86m-2 fTsvHV kHphsF"
      >
        <span
          style="box-sizing: border-box; display: block; overflow: hidden; background: none; opacity: 1; border: 0px; margin: 0px; padding: 0px; position: absolute; top: 0px; left: 0px; bottom: 0px; right: 0px;"
        >
          <img
            alt="icon"
            data-nimg="fill"
            decoding="async"
            src="data:image/gif;base64,R0lGODlhAQABAIAAAAAAAP///yH5BAEAAAAALAAAAAABAAEAAAIBRAA7"
            style="position: absolute; top: 0px; left: 0px; bottom: 0px; right: 0px; box-sizing: border-box; padding: 0px; margin: auto; display: block; width: 0px; height: 0px; min-width: 100%; max-width: 100%; min-height: 100%; max-height: 100%;"
          />
          <noscript />
        </span>
      </div>
      <input
        class="InputStyled-sc-1k09cqb-0 InputStyled__InputItemStyled-sc-9gj86m-0 hnxmhM NDCRX"
        data-testid="iconInput"
        name="password"
        placeholder="Password"
        type="password"
        value=""
      />
    </div>
    <button
      class="ButtonStyled-sc-1ys9v52-0 gmKOVy"
      data-testid="button"
      disabled=""
      type="submit"
    >
      Connect undefined Account
    </button>
  </form>
</DocumentFragment>
`;
